[0m11:26:16.702750 [debug] [MainThread]: Sending event: {'category': 'dbt', 'action': 'invocation', 'label': 'start', 'context': [<snowplow_tracker.self_describing_json.SelfDescribingJson object at 0x1079624d0>, <snowplow_tracker.self_describing_json.SelfDescribingJson object at 0x10798e8d0>, <snowplow_tracker.self_describing_json.SelfDescribingJson object at 0x10798f110>]}


============================== 11:26:16.704859 | a8684c14-da08-4682-b068-a893235613ec ==============================
[0m11:26:16.704859 [info ] [MainThread]: Running with dbt=1.10.9
[0m11:26:16.705072 [debug] [MainThread]: running dbt with arguments {'target_path': 'None', 'static_parser': 'True', 'warn_error_options': 'WarnErrorOptionsV2(error=[], warn=[], silence=[])', 'write_json': 'True', 'introspect': 'True', 'no_print': 'None', 'send_anonymous_usage_stats': 'True', 'version_check': 'True', 'profiles_dir': '/Users/reeve/.dbt', 'empty': 'None', 'fail_fast': 'False', 'printer_width': '80', 'indirect_selection': 'eager', 'log_path': 'logs', 'partial_parse': 'True', 'log_format': 'default', 'use_colors': 'True', 'cache_selected_only': 'False', 'debug': 'False', 'warn_error': 'None', 'invocation_command': 'dbt init my_dbt_test', 'use_experimental_parser': 'False', 'log_cache_events': 'False', 'quiet': 'False'}
[0m11:26:16.714903 [info ] [MainThread]: Creating dbt configuration folder at /Users/reeve/.dbt
[0m11:26:16.715994 [debug] [MainThread]: Starter project path: /opt/anaconda3/envs/elt/lib/python3.11/site-packages/dbt/include/starter_project
[0m11:26:16.719597 [info ] [MainThread]: 
Your new dbt project "my_dbt_test" was created!

For more information on how to configure the profiles.yml file,
please consult the dbt documentation here:

  https://docs.getdbt.com/docs/configure-your-profile

One more thing:

Need help? Don't hesitate to reach out to us via GitHub issues or on Slack:

  https://community.getdbt.com/

Happy modeling!

[0m11:26:16.719737 [info ] [MainThread]: Setting up your profile.
[0m11:30:08.601944 [info ] [MainThread]: Profile my_dbt_test written to /Users/reeve/.dbt/profiles.yml using target's profile_template.yml and your supplied values. Run 'dbt debug' to validate the connection.
[0m11:30:08.604057 [debug] [MainThread]: Resource report: {"command_name": "init", "command_success": true, "command_wall_clock_time": 231.9304, "process_in_blocks": "0", "process_kernel_time": 3.559987, "process_mem_max_rss": "398393344", "process_out_blocks": "0", "process_user_time": 2.776748}
[0m11:30:08.606643 [debug] [MainThread]: Command `dbt init` succeeded at 11:30:08.606289 after 231.93 seconds
[0m11:30:08.607518 [debug] [MainThread]: Sending event: {'category': 'dbt', 'action': 'invocation', 'label': 'end', 'context': [<snowplow_tracker.self_describing_json.SelfDescribingJson object at 0x107905f10>, <snowplow_tracker.self_describing_json.SelfDescribingJson object at 0x1074ab410>, <snowplow_tracker.self_describing_json.SelfDescribingJson object at 0x106733250>]}
[0m11:30:08.607864 [debug] [MainThread]: Flushing usage events
[0m11:30:09.867105 [debug] [MainThread]: An error was encountered while trying to flush usage events
[0m21:08:04.288389 [debug] [MainThread]: Sending event: {'category': 'dbt', 'action': 'invocation', 'label': 'start', 'context': [<snowplow_tracker.self_describing_json.SelfDescribingJson object at 0x106a2d5d0>, <snowplow_tracker.self_describing_json.SelfDescribingJson object at 0x1094a3f90>, <snowplow_tracker.self_describing_json.SelfDescribingJson object at 0x10949c0d0>]}


============================== 21:08:04.290864 | d0a87d6c-a1d1-464b-b61c-5c5dcb44b187 ==============================
[0m21:08:04.290864 [info ] [MainThread]: Running with dbt=1.10.9
[0m21:08:04.291122 [debug] [MainThread]: running dbt with arguments {'log_cache_events': 'False', 'warn_error_options': 'WarnErrorOptionsV2(error=[], warn=[], silence=[])', 'log_format': 'default', 'write_json': 'True', 'indirect_selection': 'eager', 'log_path': 'logs', 'send_anonymous_usage_stats': 'True', 'warn_error': 'None', 'cache_selected_only': 'False', 'partial_parse': 'True', 'version_check': 'True', 'no_print': 'None', 'use_experimental_parser': 'False', 'fail_fast': 'False', 'debug': 'False', 'use_colors': 'True', 'printer_width': '80', 'static_parser': 'True', 'quiet': 'False', 'target_path': 'None', 'profiles_dir': '/Users/reeve/.dbt', 'empty': 'None', 'introspect': 'True', 'invocation_command': 'dbt init austin_bikeshare_demo'}
[0m21:08:04.300624 [debug] [MainThread]: Starter project path: /opt/anaconda3/envs/elt/lib/python3.11/site-packages/dbt/include/starter_project
[0m21:08:04.304617 [info ] [MainThread]: 
Your new dbt project "austin_bikeshare_demo" was created!

For more information on how to configure the profiles.yml file,
please consult the dbt documentation here:

  https://docs.getdbt.com/docs/configure-your-profile

One more thing:

Need help? Don't hesitate to reach out to us via GitHub issues or on Slack:

  https://community.getdbt.com/

Happy modeling!

[0m21:08:04.304812 [info ] [MainThread]: Setting up your profile.
[0m21:09:57.572323 [info ] [MainThread]: Profile austin_bikeshare_demo written to /Users/reeve/.dbt/profiles.yml using target's profile_template.yml and your supplied values. Run 'dbt debug' to validate the connection.
[0m21:09:57.578121 [debug] [MainThread]: Resource report: {"command_name": "init", "command_success": true, "command_wall_clock_time": 113.3211, "process_in_blocks": "0", "process_kernel_time": 3.170941, "process_mem_max_rss": "402587648", "process_out_blocks": "0", "process_user_time": 2.779636}
[0m21:09:57.582206 [debug] [MainThread]: Command `dbt init` succeeded at 21:09:57.581891 after 113.33 seconds
[0m21:09:57.583919 [debug] [MainThread]: Sending event: {'category': 'dbt', 'action': 'invocation', 'label': 'end', 'context': [<snowplow_tracker.self_describing_json.SelfDescribingJson object at 0x10942ca50>, <snowplow_tracker.self_describing_json.SelfDescribingJson object at 0x1094cdd50>, <snowplow_tracker.self_describing_json.SelfDescribingJson object at 0x104f64e10>]}
[0m21:09:57.585826 [debug] [MainThread]: Flushing usage events
[0m21:09:59.005770 [debug] [MainThread]: An error was encountered while trying to flush usage events
[0m16:58:58.401105 [debug] [MainThread]: Sending event: {'category': 'dbt', 'action': 'invocation', 'label': 'start', 'context': [<snowplow_tracker.self_describing_json.SelfDescribingJson object at 0x107c0ea50>, <snowplow_tracker.self_describing_json.SelfDescribingJson object at 0x107c14810>, <snowplow_tracker.self_describing_json.SelfDescribingJson object at 0x107cb3050>]}


============================== 16:58:58.403419 | 92e51ad4-3a76-4bfe-b426-6afd772b0cc3 ==============================
[0m16:58:58.403419 [info ] [MainThread]: Running with dbt=1.10.9
[0m16:58:58.403646 [debug] [MainThread]: running dbt with arguments {'quiet': 'False', 'target_path': 'None', 'log_cache_events': 'False', 'send_anonymous_usage_stats': 'True', 'warn_error': 'None', 'debug': 'False', 'use_experimental_parser': 'False', 'printer_width': '80', 'indirect_selection': 'eager', 'use_colors': 'True', 'log_path': 'logs', 'write_json': 'True', 'no_print': 'None', 'fail_fast': 'False', 'warn_error_options': 'WarnErrorOptionsV2(error=[], warn=[], silence=[])', 'empty': 'None', 'static_parser': 'True', 'cache_selected_only': 'False', 'profiles_dir': '/Users/reeve/.dbt', 'invocation_command': 'dbt init austin_bikeshare_demo', 'version_check': 'True', 'log_format': 'default', 'introspect': 'True', 'partial_parse': 'True'}
[0m16:58:58.412422 [info ] [MainThread]: A project called austin_bikeshare_demo already exists here.
[0m16:58:58.413912 [debug] [MainThread]: Resource report: {"command_name": "init", "command_success": true, "command_wall_clock_time": 0.04317517, "process_in_blocks": "0", "process_kernel_time": 0.132394, "process_mem_max_rss": "113606656", "process_out_blocks": "0", "process_user_time": 0.427943}
[0m16:58:58.414079 [debug] [MainThread]: Command `dbt init` succeeded at 16:58:58.414045 after 0.04 seconds
[0m16:58:58.414215 [debug] [MainThread]: Sending event: {'category': 'dbt', 'action': 'invocation', 'label': 'end', 'context': [<snowplow_tracker.self_describing_json.SelfDescribingJson object at 0x1042ba450>, <snowplow_tracker.self_describing_json.SelfDescribingJson object at 0x107cd3f50>, <snowplow_tracker.self_describing_json.SelfDescribingJson object at 0x107cd3b90>]}
[0m16:58:58.414352 [debug] [MainThread]: Flushing usage events
[0m16:58:59.827700 [debug] [MainThread]: An error was encountered while trying to flush usage events
[0m17:09:55.080923 [debug] [MainThread]: Sending event: {'category': 'dbt', 'action': 'invocation', 'label': 'start', 'context': [<snowplow_tracker.self_describing_json.SelfDescribingJson object at 0x1067f4e90>, <snowplow_tracker.self_describing_json.SelfDescribingJson object at 0x1065a4450>, <snowplow_tracker.self_describing_json.SelfDescribingJson object at 0x10688add0>]}


============================== 17:09:55.083220 | cadd0d2a-3554-4e13-ad31-00e7200bf564 ==============================
[0m17:09:55.083220 [info ] [MainThread]: Running with dbt=1.10.9
[0m17:09:55.083445 [debug] [MainThread]: running dbt with arguments {'debug': 'False', 'partial_parse': 'True', 'cache_selected_only': 'False', 'printer_width': '80', 'log_format': 'default', 'warn_error': 'None', 'quiet': 'False', 'write_json': 'True', 'log_cache_events': 'False', 'version_check': 'True', 'log_path': 'logs', 'empty': 'None', 'use_colors': 'True', 'no_print': 'None', 'send_anonymous_usage_stats': 'True', 'warn_error_options': 'WarnErrorOptionsV2(error=[], warn=[], silence=[])', 'profiles_dir': '/Users/reeve/.dbt', 'introspect': 'True', 'static_parser': 'True', 'invocation_command': 'dbt init austin_bikeshare_demo', 'target_path': 'None', 'use_experimental_parser': 'False', 'fail_fast': 'False', 'indirect_selection': 'eager'}
[0m17:09:55.092949 [debug] [MainThread]: Starter project path: /opt/anaconda3/envs/elt/lib/python3.11/site-packages/dbt/include/starter_project
[0m17:09:55.096929 [info ] [MainThread]: 
Your new dbt project "austin_bikeshare_demo" was created!

For more information on how to configure the profiles.yml file,
please consult the dbt documentation here:

  https://docs.getdbt.com/docs/configure-your-profile

One more thing:

Need help? Don't hesitate to reach out to us via GitHub issues or on Slack:

  https://community.getdbt.com/

Happy modeling!

[0m17:09:55.097146 [info ] [MainThread]: Setting up your profile.
[0m17:10:20.704884 [debug] [MainThread]: Resource report: {"command_name": "init", "command_success": true, "command_wall_clock_time": 25.652914, "process_in_blocks": "0", "process_kernel_time": 0.123447, "process_mem_max_rss": "113983488", "process_out_blocks": "0", "process_user_time": 0.435209}
[0m17:10:20.705804 [debug] [MainThread]: Command `dbt init` succeeded at 17:10:20.705678 after 25.65 seconds
[0m17:10:20.706217 [debug] [MainThread]: Sending event: {'category': 'dbt', 'action': 'invocation', 'label': 'end', 'context': [<snowplow_tracker.self_describing_json.SelfDescribingJson object at 0x1067f4c10>, <snowplow_tracker.self_describing_json.SelfDescribingJson object at 0x106865ed0>, <snowplow_tracker.self_describing_json.SelfDescribingJson object at 0x101610050>]}
[0m17:10:20.706584 [debug] [MainThread]: Flushing usage events
[0m17:10:22.200547 [debug] [MainThread]: An error was encountered while trying to flush usage events
[0m17:10:31.393835 [debug] [MainThread]: Sending event: {'category': 'dbt', 'action': 'invocation', 'label': 'start', 'context': [<snowplow_tracker.self_describing_json.SelfDescribingJson object at 0x107dd0350>, <snowplow_tracker.self_describing_json.SelfDescribingJson object at 0x107e400d0>, <snowplow_tracker.self_describing_json.SelfDescribingJson object at 0x107e6b390>]}


============================== 17:10:31.395815 | e2dcc849-8c6e-431e-a4a2-d783a4c34fc8 ==============================
[0m17:10:31.395815 [info ] [MainThread]: Running with dbt=1.10.9
[0m17:10:31.396037 [debug] [MainThread]: running dbt with arguments {'no_print': 'None', 'send_anonymous_usage_stats': 'True', 'cache_selected_only': 'False', 'version_check': 'True', 'use_colors': 'True', 'warn_error': 'None', 'profiles_dir': '/Users/reeve/.dbt', 'use_experimental_parser': 'False', 'introspect': 'True', 'write_json': 'True', 'log_path': 'logs', 'debug': 'False', 'log_format': 'default', 'static_parser': 'True', 'invocation_command': 'dbt init austin_bikeshare_demo', 'empty': 'None', 'target_path': 'None', 'printer_width': '80', 'log_cache_events': 'False', 'fail_fast': 'False', 'quiet': 'False', 'indirect_selection': 'eager', 'partial_parse': 'True', 'warn_error_options': 'WarnErrorOptionsV2(error=[], warn=[], silence=[])'}
[0m17:10:31.403148 [debug] [MainThread]: Starter project path: /opt/anaconda3/envs/elt/lib/python3.11/site-packages/dbt/include/starter_project
[0m17:10:31.406205 [info ] [MainThread]: 
Your new dbt project "austin_bikeshare_demo" was created!

For more information on how to configure the profiles.yml file,
please consult the dbt documentation here:

  https://docs.getdbt.com/docs/configure-your-profile

One more thing:

Need help? Don't hesitate to reach out to us via GitHub issues or on Slack:

  https://community.getdbt.com/

Happy modeling!

[0m17:10:31.406411 [info ] [MainThread]: Setting up your profile.
[0m17:12:48.025132 [info ] [MainThread]: Profile austin_bikeshare_demo written to /Users/reeve/.dbt/profiles.yml using target's profile_template.yml and your supplied values. Run 'dbt debug' to validate the connection.
[0m17:12:48.028435 [debug] [MainThread]: Resource report: {"command_name": "init", "command_success": true, "command_wall_clock_time": 136.6731, "process_in_blocks": "0", "process_kernel_time": 3.518207, "process_mem_max_rss": "402866176", "process_out_blocks": "0", "process_user_time": 2.333862}
[0m17:12:48.030845 [debug] [MainThread]: Command `dbt init` succeeded at 17:12:48.030672 after 136.68 seconds
[0m17:12:48.031715 [debug] [MainThread]: Sending event: {'category': 'dbt', 'action': 'invocation', 'label': 'end', 'context': [<snowplow_tracker.self_describing_json.SelfDescribingJson object at 0x107dd0a90>, <snowplow_tracker.self_describing_json.SelfDescribingJson object at 0x107e6a890>, <snowplow_tracker.self_describing_json.SelfDescribingJson object at 0x10394c050>]}
[0m17:12:48.032261 [debug] [MainThread]: Flushing usage events
[0m17:12:49.586605 [debug] [MainThread]: An error was encountered while trying to flush usage events
[0m17:12:53.694366 [debug] [MainThread]: Sending event: {'category': 'dbt', 'action': 'invocation', 'label': 'start', 'context': [<snowplow_tracker.self_describing_json.SelfDescribingJson object at 0x10911c9d0>, <snowplow_tracker.self_describing_json.SelfDescribingJson object at 0x10918fc50>, <snowplow_tracker.self_describing_json.SelfDescribingJson object at 0x109190c50>]}


============================== 17:12:53.696442 | 4c1e5c92-ecbd-41d5-a5cb-584a85e30fc6 ==============================
[0m17:12:53.696442 [info ] [MainThread]: Running with dbt=1.10.9
[0m17:12:53.696673 [debug] [MainThread]: running dbt with arguments {'quiet': 'False', 'empty': 'None', 'send_anonymous_usage_stats': 'True', 'cache_selected_only': 'False', 'version_check': 'True', 'warn_error': 'None', 'log_path': 'logs', 'target_path': 'None', 'use_experimental_parser': 'False', 'debug': 'False', 'static_parser': 'True', 'invocation_command': 'dbt debug', 'partial_parse': 'True', 'write_json': 'True', 'introspect': 'True', 'profiles_dir': '/Users/reeve/.dbt', 'warn_error_options': 'WarnErrorOptionsV2(error=[], warn=[], silence=[])', 'no_print': 'None', 'use_colors': 'True', 'log_cache_events': 'False', 'log_format': 'default', 'fail_fast': 'False', 'indirect_selection': 'eager', 'printer_width': '80'}
[0m17:12:53.704837 [info ] [MainThread]: dbt version: 1.10.9
[0m17:12:53.705039 [info ] [MainThread]: python version: 3.11.14
[0m17:12:53.705152 [info ] [MainThread]: python path: /opt/anaconda3/envs/elt/bin/python
[0m17:12:53.705245 [info ] [MainThread]: os info: macOS-26.4.1-arm64-arm-64bit
[0m17:12:57.270614 [info ] [MainThread]: Using profiles dir at /Users/reeve/.dbt
[0m17:12:57.270837 [info ] [MainThread]: Using profiles.yml file at /Users/reeve/.dbt/profiles.yml
[0m17:12:57.270960 [info ] [MainThread]: Using dbt_project.yml file at /Users/reeve/5m-data-2.5-data-warehouse/dbt_project.yml
[0m17:12:57.271081 [error] [MainThread]: Encountered an error:
Internal Error
  Profile should not be None if loading profile completed
[0m17:12:57.271244 [debug] [MainThread]: Resource report: {"command_name": "debug", "command_success": false, "command_wall_clock_time": 3.6065583, "process_in_blocks": "0", "process_kernel_time": 3.591217, "process_mem_max_rss": "407404544", "process_out_blocks": "0", "process_user_time": 2.455314}
[0m17:12:57.271425 [debug] [MainThread]: Command `dbt debug` failed at 17:12:57.271398 after 3.61 seconds
[0m17:12:57.271540 [debug] [MainThread]: Sending event: {'category': 'dbt', 'action': 'invocation', 'label': 'end', 'context': [<snowplow_tracker.self_describing_json.SelfDescribingJson object at 0x10911cb90>, <snowplow_tracker.self_describing_json.SelfDescribingJson object at 0x1091db4d0>, <snowplow_tracker.self_describing_json.SelfDescribingJson object at 0x104b78d10>]}
[0m17:12:57.271664 [debug] [MainThread]: Flushing usage events
[0m17:12:58.454300 [debug] [MainThread]: An error was encountered while trying to flush usage events
[0m17:13:25.457439 [debug] [MainThread]: Sending event: {'category': 'dbt', 'action': 'invocation', 'label': 'start', 'context': [<snowplow_tracker.self_describing_json.SelfDescribingJson object at 0x10b6f1090>, <snowplow_tracker.self_describing_json.SelfDescribingJson object at 0x10b78a450>, <snowplow_tracker.self_describing_json.SelfDescribingJson object at 0x10b78ac90>]}


============================== 17:13:25.459071 | 711c6db2-35de-4ea4-99b7-422046583902 ==============================
[0m17:13:25.459071 [info ] [MainThread]: Running with dbt=1.10.9
[0m17:13:25.459290 [debug] [MainThread]: running dbt with arguments {'invocation_command': 'dbt clean', 'indirect_selection': 'eager', 'version_check': 'True', 'static_parser': 'True', 'warn_error_options': 'WarnErrorOptionsV2(error=[], warn=[], silence=[])', 'warn_error': 'None', 'empty': 'None', 'no_print': 'None', 'introspect': 'True', 'write_json': 'True', 'printer_width': '80', 'debug': 'False', 'use_experimental_parser': 'False', 'log_cache_events': 'False', 'partial_parse': 'True', 'quiet': 'False', 'log_path': 'logs', 'profiles_dir': '/Users/reeve/.dbt', 'use_colors': 'True', 'send_anonymous_usage_stats': 'True', 'cache_selected_only': 'False', 'fail_fast': 'False', 'target_path': 'None', 'log_format': 'default'}
[0m17:13:25.459615 [error] [MainThread]: Encountered an error:
Runtime Error
  No dbt_project.yml found at expected path /Users/reeve/5m-data-2.5-data-warehouse/dbt_project.yml
  Verify that each entry within packages.yml (and their transitive dependencies) contains a file named dbt_project.yml
  
[0m17:13:25.460583 [debug] [MainThread]: Resource report: {"command_name": "clean", "command_success": false, "command_wall_clock_time": 0.028370708, "process_in_blocks": "0", "process_kernel_time": 0.098157, "process_mem_max_rss": "114688000", "process_out_blocks": "0", "process_user_time": 0.440625}
[0m17:13:25.460746 [debug] [MainThread]: Command `dbt clean` failed at 17:13:25.460715 after 0.03 seconds
[0m17:13:25.460871 [debug] [MainThread]: Sending event: {'category': 'dbt', 'action': 'invocation', 'label': 'end', 'context': [<snowplow_tracker.self_describing_json.SelfDescribingJson object at 0x10b6f0d90>, <snowplow_tracker.self_describing_json.SelfDescribingJson object at 0x10b7aedd0>, <snowplow_tracker.self_describing_json.SelfDescribingJson object at 0x10b6df1d0>]}
[0m17:13:25.460987 [debug] [MainThread]: Flushing usage events
[0m17:13:26.627864 [debug] [MainThread]: An error was encountered while trying to flush usage events
[0m17:16:47.252011 [debug] [MainThread]: Sending event: {'category': 'dbt', 'action': 'invocation', 'label': 'start', 'context': [<snowplow_tracker.self_describing_json.SelfDescribingJson object at 0x1095d10d0>, <snowplow_tracker.self_describing_json.SelfDescribingJson object at 0x1095caed0>, <snowplow_tracker.self_describing_json.SelfDescribingJson object at 0x10966f610>]}


============================== 17:16:47.254315 | 53f8fdd8-2519-4ffd-84e0-989c39539027 ==============================
[0m17:16:47.254315 [info ] [MainThread]: Running with dbt=1.10.9
[0m17:16:47.254556 [debug] [MainThread]: running dbt with arguments {'cache_selected_only': 'False', 'use_experimental_parser': 'False', 'warn_error': 'None', 'quiet': 'False', 'printer_width': '80', 'partial_parse': 'True', 'version_check': 'True', 'no_print': 'None', 'fail_fast': 'False', 'invocation_command': 'dbt debug', 'target_path': 'None', 'empty': 'None', 'profiles_dir': '/Users/reeve/.dbt', 'introspect': 'True', 'log_cache_events': 'False', 'log_format': 'default', 'warn_error_options': 'WarnErrorOptionsV2(error=[], warn=[], silence=[])', 'write_json': 'True', 'static_parser': 'True', 'debug': 'False', 'indirect_selection': 'eager', 'log_path': 'logs', 'use_colors': 'True', 'send_anonymous_usage_stats': 'True'}
[0m17:16:47.262748 [info ] [MainThread]: dbt version: 1.10.9
[0m17:16:47.262909 [info ] [MainThread]: python version: 3.11.14
[0m17:16:47.263160 [info ] [MainThread]: python path: /opt/anaconda3/envs/elt/bin/python
[0m17:16:47.263512 [info ] [MainThread]: os info: macOS-26.4.1-arm64-arm-64bit
[0m17:16:50.999048 [info ] [MainThread]: Using profiles dir at /Users/reeve/.dbt
[0m17:16:50.999263 [info ] [MainThread]: Using profiles.yml file at /Users/reeve/.dbt/profiles.yml
[0m17:16:50.999367 [info ] [MainThread]: Using dbt_project.yml file at /Users/reeve/5m-data-2.5-data-warehouse/dbt_project.yml
[0m17:16:50.999486 [error] [MainThread]: Encountered an error:
Internal Error
  Profile should not be None if loading profile completed
[0m17:16:50.999642 [debug] [MainThread]: Resource report: {"command_name": "debug", "command_success": false, "command_wall_clock_time": 3.7809691, "process_in_blocks": "0", "process_kernel_time": 3.059122, "process_mem_max_rss": "408649728", "process_out_blocks": "0", "process_user_time": 2.981802}
[0m17:16:50.999832 [debug] [MainThread]: Command `dbt debug` failed at 17:16:50.999802 after 3.78 seconds
[0m17:16:50.999952 [debug] [MainThread]: Sending event: {'category': 'dbt', 'action': 'invocation', 'label': 'end', 'context': [<snowplow_tracker.self_describing_json.SelfDescribingJson object at 0x1095d0cd0>, <snowplow_tracker.self_describing_json.SelfDescribingJson object at 0x10968b590>, <snowplow_tracker.self_describing_json.SelfDescribingJson object at 0x10500cd10>]}
[0m17:16:51.000075 [debug] [MainThread]: Flushing usage events
[0m17:16:52.065837 [debug] [MainThread]: An error was encountered while trying to flush usage events
